{
  "version": "1.5.0",
  "plugins_used": [
    {
      "name": "ArtifactoryDetector"
    },
    {
      "name": "AWSKeyDetector"
    },
    {
      "name": "AzureStorageKeyDetector"
    },
    {
      "name": "Base64HighEntropyString",
      "limit": 4.5
    },
    {
      "name": "BasicAuthDetector"
    },
    {
      "name": "CloudantDetector"
    },
    {
      "name": "DiscordBotTokenDetector"
    },
    {
      "name": "GitHubTokenDetector"
    },
    {
      "name": "GitLabTokenDetector"
    },
    {
      "name": "HexHighEntropyString",
      "limit": 3.0
    },
    {
      "name": "IbmCloudIamDetector"
    },
    {
      "name": "IbmCosHmacDetector"
    },
    {
      "name": "IPPublicDetector"
    },
    {
      "name": "JwtTokenDetector"
    },
    {
      "name": "KeywordDetector",
      "keyword_exclude": ""
    },
    {
      "name": "MailchimpDetector"
    },
    {
      "name": "NpmDetector"
    },
    {
      "name": "OpenAIDetector"
    },
    {
      "name": "PrivateKeyDetector"
    },
    {
      "name": "PypiTokenDetector"
    },
    {
      "name": "SendGridDetector"
    },
    {
      "name": "SlackDetector"
    },
    {
      "name": "SoftlayerDetector"
    },
    {
      "name": "SquareOAuthDetector"
    },
    {
      "name": "StripeDetector"
    },
    {
      "name": "TelegramBotTokenDetector"
    },
    {
      "name": "TwilioKeyDetector"
    }
  ],
  "filters_used": [
    {
      "path": "detect_secrets.filters.allowlist.is_line_allowlisted"
    },
    {
      "path": "detect_secrets.filters.common.is_ignored_due_to_verification_policies",
      "min_level": 2
    },
    {
      "path": "detect_secrets.filters.heuristic.is_indirect_reference"
    },
    {
      "path": "detect_secrets.filters.heuristic.is_likely_id_string"
    },
    {
      "path": "detect_secrets.filters.heuristic.is_lock_file"
    },
    {
      "path": "detect_secrets.filters.heuristic.is_not_alphanumeric_string"
    },
    {
      "path": "detect_secrets.filters.heuristic.is_potential_uuid"
    },
    {
      "path": "detect_secrets.filters.heuristic.is_prefixed_with_dollar_sign"
    },
    {
      "path": "detect_secrets.filters.heuristic.is_sequential_string"
    },
    {
      "path": "detect_secrets.filters.heuristic.is_swagger_file"
    },
    {
      "path": "detect_secrets.filters.heuristic.is_templated_secret"
    }
  ],
  "results": {
    "notebooks\\01_eda.ipynb": [
      {
        "type": "Hex High Entropy String",
        "filename": "notebooks\\01_eda.ipynb",
        "hashed_secret": "710c91edd7984b025f47830ec2ba0506894eed3f",
        "is_verified": false,
        "line_number": 5
      },
      {
        "type": "Hex High Entropy String",
        "filename": "notebooks\\01_eda.ipynb",
        "hashed_secret": "e1f9a3f35c6bff77f847a39b4c4a5c9eb2892ecb",
        "is_verified": false,
        "line_number": 18
      },
      {
        "type": "Hex High Entropy String",
        "filename": "notebooks\\01_eda.ipynb",
        "hashed_secret": "4f248bc40ab0f68e2dceb22e38c52828ee276179",
        "is_verified": false,
        "line_number": 40
      },
      {
        "type": "Hex High Entropy String",
        "filename": "notebooks\\01_eda.ipynb",
        "hashed_secret": "d73541f2527eda15a3f3ab0018e4047afc81c7eb",
        "is_verified": false,
        "line_number": 169
      },
      {
        "type": "Hex High Entropy String",
        "filename": "notebooks\\01_eda.ipynb",
        "hashed_secret": "336e39a34addaaa1dcefb999629f7106e531126e",
        "is_verified": false,
        "line_number": 178
      },
      {
        "type": "Hex High Entropy String",
        "filename": "notebooks\\01_eda.ipynb",
        "hashed_secret": "b98ce2f8214f1c209f6371e4247784ef35088cfb",
        "is_verified": false,
        "line_number": 253
      },
      {
        "type": "Hex High Entropy String",
        "filename": "notebooks\\01_eda.ipynb",
        "hashed_secret": "0b355e25f86a10feb31c1a21780f1fa47c220cb0",
        "is_verified": false,
        "line_number": 262
      },
      {
        "type": "Hex High Entropy String",
        "filename": "notebooks\\01_eda.ipynb",
        "hashed_secret": "ed89e7dcaf1777f9efea0ab0797fbd10b2c7d226",
        "is_verified": false,
        "line_number": 298
      },
      {
        "type": "Base64 High Entropy String",
        "filename": "notebooks\\01_eda.ipynb",
        "hashed_secret": "2f42d59cedec29b2fa50bdfd9c0d3bf68042586e",
        "is_verified": false,
        "line_number": 303
      }
    ]
  },
  "generated_at": "2026-07-28T17:45:22Z"
}
